10.0.88.88 - - [06/Sep/2022:14:39:39 +0000] "GET /_plugin/kibana/33935/bundles/plugin/indexPatternManagement/2.plugin.js HTTP/1.1" 200 417205 "https://kibana7.labdigitalbdbqaevents.com/_plugin/kibana/app/management/kibana/indexPatterns" "Mozilla/5.0 (Macintosh; Intel Mac OS X 10_15_7) AppleWebKit/537.36 (KHTML, like Gecko) Chrome/104.0.0.0 Safari/537.36" "181.59.3.127"
10.0.88.88 - - [06/Sep/2022:14:39:39 +0000] "GET /_plugin/kibana/33935/bundles/plugin/indexPatternManagement/1.plugin.js HTTP/1.1" 200 303440 "https://kibana7.labdigitalbdbqaevents.com/_plugin/kibana/app/management/kibana/indexPatterns" "Mozilla/5.0 (Macintosh; Intel Mac OS X 10_15_7) AppleWebKit/537.36 (KHTML, like Gecko) Chrome/104.0.0.0 Safari/537.36" "181.59.3.127"
10.0.88.88 - - [06/Sep/2022:14:39:39 +0000] "GET /_plugin/kibana/api/saved_objects/_find?fields=title&fields=type&per_page=10000&type=index-pattern HTTP/1.1" 200 4563 "https://kibana7.labdigitalbdbqaevents.com/_plugin/kibana/app/management/kibana/indexPatterns" "Mozilla/5.0 (Macintosh; Intel Mac OS X 10_15_7) AppleWebKit/537.36 (KHTML, like Gecko) Chrome/104.0.0.0 Safari/537.36" "181.59.3.127"
10.0.88.88 - - [06/Sep/2022:14:39:40 +0000] "GET /_plugin/kibana/api/saved_objects/_find?fields=title&fields=type&per_page=10000&type=index-pattern HTTP/1.1" 200 4563 "https://kibana7.labdigitalbdbqaevents.com/_plugin/kibana/app/management/kibana/indexPatterns" "Mozilla/5.0 (Macintosh; Intel Mac OS X 10_15_7) AppleWebKit/537.36 (KHTML, like Gecko) Chrome/104.0.0.0 Safari/537.36" "181.59.3.127"
10.0.88.88 - - [06/Sep/2022:14:39:51 +0000] "POST /_plugin/kibana/api/ui_metric/report HTTP/1.1" 200 25 "https://kibana7.labdigitalbdbqaevents.com/_plugin/kibana/app/management/kibana/indexPatterns" "Mozilla/5.0 (Macintosh; Intel Mac OS X 10_15_7) AppleWebKit/537.36 (KHTML, like Gecko) Chrome/104.0.0.0 Safari/537.36" "181.59.3.127"
10.0.89.184 - - [06/Sep/2022:14:40:08 +0000] "POST /_plugin/kibana/api/console/proxy?path=_aliases&method=GET HTTP/1.1" 200 13485 "https://kibana7.labdigitalbdbqaevents.com/_plugin/kibana/app/dev_tools" "Mozilla/5.0 (X11; Ubuntu; Linux x86_64; rv:104.0) Gecko/20100101 Firefox/104.0" "181.61.112.199"
10.0.89.184 - - [06/Sep/2022:14:40:08 +0000] "POST /_plugin/kibana/api/console/proxy?path=_mapping&method=GET HTTP/1.1" 200 682056 "https://kibana7.labdigitalbdbqaevents.com/_plugin/kibana/app/dev_tools" "Mozilla/5.0 (X11; Ubuntu; Linux x86_64; rv:104.0) Gecko/20100101 Firefox/104.0" "181.61.112.199"
10.0.89.184 - - [06/Sep/2022:14:40:09 +0000] "POST /_plugin/kibana/api/console/proxy?path=_template&method=GET HTTP/1.1" 200 29329 "https://kibana7.labdigitalbdbqaevents.com/_plugin/kibana/app/dev_tools" "Mozilla/5.0 (X11; Ubuntu; Linux x86_64; rv:104.0) Gecko/20100101 Firefox/104.0" "181.61.112.199"
10.0.88.88 - - [06/Sep/2022:14:40:37 +0000] "GET /_plugin/kibana/internal/index-pattern-management/resolve_index/*:* HTTP/1.1" 200 56 "https://kibana7.labdigitalbdbqaevents.com/_plugin/kibana/app/management/kibana/indexPatterns/create" "Mozilla/5.0 (Macintosh; Intel Mac OS X 10_15_7) AppleWebKit/537.36 (KHTML, like Gecko) Chrome/104.0.0.0 Safari/537.36" "181.59.3.127"
10.0.88.88 - - [06/Sep/2022:14:40:37 +0000] "GET /_plugin/kibana/internal/index-pattern-management/resolve_index/* HTTP/1.1" 200 13480 "https://kibana7.labdigitalbdbqaevents.com/_plugin/kibana/app/management/kibana/indexPatterns/create" "Mozilla/5.0 (Macintosh; Intel Mac OS X 10_15_7) AppleWebKit/537.36 (KHTML, like Gecko) Chrome/104.0.0.0 Safari/537.36" "181.59.3.127"
10.0.88.88 - - [06/Sep/2022:14:40:37 +0000] "GET /_plugin/kibana/api/saved_objects/_find?fields=title&per_page=10000&type=index-pattern HTTP/1.1" 200 4563 "https://kibana7.labdigitalbdbqaevents.com/_plugin/kibana/app/management/kibana/indexPatterns/create" "Mozilla/5.0 (Macintosh; Intel Mac OS X 10_15_7) AppleWebKit/537.36 (KHTML, like Gecko) Chrome/104.0.0.0 Safari/537.36" "181.59.3.127"
10.0.88.88 - - [06/Sep/2022:14:40:37 +0000] "GET /_plugin/kibana/ui/fonts/roboto_mono/RobotoMono-Regular.ttf HTTP/1.1" 200 114643 "https://kibana7.labdigitalbdbqaevents.com/_plugin/kibana/app/dashboards" "Mozilla/5.0 (Macintosh; Intel Mac OS X 10_15_7) AppleWebKit/537.36 (KHTML, like Gecko) Chrome/104.0.0.0 Safari/537.36" "181.59.3.127"
10.0.88.88 - - [06/Sep/2022:14:40:41 +0000] "GET /_plugin/kibana/internal/index-pattern-management/resolve_index/bbog-dig-vcd-predesembolso HTTP/1.1" 200 146 "https://kibana7.labdigitalbdbqaevents.com/_plugin/kibana/app/management/kibana/indexPatterns/create" "Mozilla/5.0 (Macintosh; Intel Mac OS X 10_15_7) AppleWebKit/537.36 (KHTML, like Gecko) Chrome/104.0.0.0 Safari/537.36" "181.59.3.127"
10.0.88.88 - - [06/Sep/2022:14:40:41 +0000] "GET /_plugin/kibana/internal/index-pattern-management/resolve_index/bbog-dig-vcd-predesembolso* HTTP/1.1" 200 253 "https://kibana7.labdigitalbdbqaevents.com/_plugin/kibana/app/management/kibana/indexPatterns/create" "Mozilla/5.0 (Macintosh; Intel Mac OS X 10_15_7) AppleWebKit/537.36 (KHTML, like Gecko) Chrome/104.0.0.0 Safari/537.36" "181.59.3.127"
10.0.88.88 - - [06/Sep/2022:14:40:49 +0000] "GET /_plugin/kibana/api/index_patterns/_fields_for_wildcard?pattern=bbog-dig-vcd-predesembolso&meta_fields=_source&meta_fields=_id&meta_fields=_type&meta_fields=_index&meta_fields=_score HTTP/1.1" 200 3789 "https://kibana7.labdigitalbdbqaevents.com/_plugin/kibana/app/management/kibana/indexPatterns/create" "Mozilla/5.0 (Macintosh; Intel Mac OS X 10_15_7) AppleWebKit/537.36 (KHTML, like Gecko) Chrome/104.0.0.0 Safari/537.36" "181.59.3.127"
10.0.88.88 - - [06/Sep/2022:14:41:00 +0000] "GET /_plugin/kibana/api/saved_objects/_find?fields=title&per_page=10&search=%22bbog-dig-vcd-predesembolso%22&search_fields=title&type=index-pattern HTTP/1.1" 200 64 "https://kibana7.labdigitalbdbqaevents.com/_plugin/kibana/app/management/kibana/indexPatterns/create" "Mozilla/5.0 (Macintosh; Intel Mac OS X 10_15_7) AppleWebKit/537.36 (KHTML, like Gecko) Chrome/104.0.0.0 Safari/537.36" "181.59.3.127"
10.0.88.88 - - [06/Sep/2022:14:41:01 +0000] "POST /_plugin/kibana/api/saved_objects/index-pattern HTTP/1.1" 200 330 "https://kibana7.labdigitalbdbqaevents.com/_plugin/kibana/app/management/kibana/indexPatterns/create" "Mozilla/5.0 (Macintosh; Intel Mac OS X 10_15_7) AppleWebKit/537.36 (KHTML, like Gecko) Chrome/104.0.0.0 Safari/537.36" "181.59.3.127"
10.0.88.88 - - [06/Sep/2022:14:41:01 +0000] "POST /_plugin/kibana/api/saved_objects/_bulk_get HTTP/1.1" 200 351 "https://kibana7.labdigitalbdbqaevents.com/_plugin/kibana/app/management/kibana/indexPatterns/patterns/ed49abf0-2df1-11ed-a8e0-29f825e4572e" "Mozilla/5.0 (Macintosh; Intel Mac OS X 10_15_7) AppleWebKit/537.36 (KHTML, like Gecko) Chrome/104.0.0.0 Safari/537.36" "181.59.3.127"
10.0.88.88 - - [06/Sep/2022:14:41:01 +0000] "GET /_plugin/kibana/api/index_patterns/_fields_for_wildcard?pattern=bbog-dig-vcd-predesembolso&meta_fields=_source&meta_fields=_id&meta_fields=_type&meta_fields=_index&meta_fields=_score HTTP/1.1" 200 3789 "https://kibana7.labdigitalbdbqaevents.com/_plugin/kibana/app/management/kibana/indexPatterns/patterns/ed49abf0-2df1-11ed-a8e0-29f825e4572e" "Mozilla/5.0 (Macintosh; Intel Mac OS X 10_15_7) AppleWebKit/537.36 (KHTML, like Gecko) Chrome/104.0.0.0 Safari/537.36" "181.59.3.127"
10.0.88.88 - - [06/Sep/2022:14:41:02 +0000] "PUT /_plugin/kibana/api/saved_objects/index-pattern/ed49abf0-2df1-11ed-a8e0-29f825e4572e HTTP/1.1" 200 5427 "https://kibana7.labdigitalbdbqaevents.com/_plugin/kibana/app/management/kibana/indexPatterns/patterns/ed49abf0-2df1-11ed-a8e0-29f825e4572e" "Mozilla/5.0 (Macintosh; Intel Mac OS X 10_15_7) AppleWebKit/537.36 (KHTML, like Gecko) Chrome/104.0.0.0 Safari/537.36" "181.59.3.127"
10.0.89.184 - - [06/Sep/2022:14:41:10 +0000] "POST /_plugin/kibana/api/console/proxy?path=_aliases&method=GET HTTP/1.1" 200 13485 "https://kibana7.labdigitalbdbqaevents.com/_plugin/kibana/app/dev_tools" "Mozilla/5.0 (X11; Ubuntu; Linux x86_64; rv:104.0) Gecko/20100101 Firefox/104.0" "181.61.112.199"
10.0.89.184 - - [06/Sep/2022:14:41:11 +0000] "POST /_plugin/kibana/api/console/proxy?path=_template&method=GET HTTP/1.1" 200 29329 "https://kibana7.labdigitalbdbqaevents.com/_plugin/kibana/app/dev_tools" "Mozilla/5.0 (X11; Ubuntu; Linux x86_64; rv:104.0) Gecko/20100101 Firefox/104.0" "181.61.112.199"
10.0.89.184 - - [06/Sep/2022:14:41:11 +0000] "POST /_plugin/kibana/api/console/proxy?path=_mapping&method=GET HTTP/1.1" 200 682055 "https://kibana7.labdigitalbdbqaevents.com/_plugin/kibana/app/dev_tools" "Mozilla/5.0 (X11; Ubuntu; Linux x86_64; rv:104.0) Gecko/20100101 Firefox/104.0" "181.61.112.199"
10.0.88.88 - - [06/Sep/2022:14:41:14 +0000] "GET /_plugin/kibana/api/saved_objects/_find?fields=title&per_page=10000&type=index-pattern HTTP/1.1" 200 4849 "https://kibana7.labdigitalbdbqaevents.com/_plugin/kibana/app/discover" "Mozilla/5.0 (Macintosh; Intel Mac OS X 10_15_7) AppleWebKit/537.36 (KHTML, like Gecko) Chrome/104.0.0.0 Safari/537.36" "181.59.3.127"
10.0.88.88 - - [06/Sep/2022:14:41:14 +0000] "POST /_plugin/kibana/api/saved_objects/_bulk_get HTTP/1.1" 200 11824 "https://kibana7.labdigitalbdbqaevents.com/_plugin/kibana/app/discover" "Mozilla/5.0 (Macintosh; Intel Mac OS X 10_15_7) AppleWebKit/537.36 (KHTML, like Gecko) Chrome/104.0.0.0 Safari/537.36" "181.59.3.127"
10.0.88.88 - - [06/Sep/2022:14:41:14 +0000] "GET /_plugin/kibana/33935/bundles/plugin/kibanaLegacy/af7ae505a9eed503f8b8e6982036873e.woff2 HTTP/1.1" 200 77179 "https://kibana7.labdigitalbdbqaevents.com/_plugin/kibana/app/discover" "Mozilla/5.0 (Macintosh; Intel Mac OS X 10_15_7) AppleWebKit/537.36 (KHTML, like Gecko) Chrome/104.0.0.0 Safari/537.36" "181.59.3.127"
10.0.88.88 - - [06/Sep/2022:14:41:14 +0000] "POST /_plugin/kibana/internal/search/es HTTP/1.1" 200 225 "https://kibana7.labdigitalbdbqaevents.com/_plugin/kibana/app/discover" "Mozilla/5.0 (Macintosh; Intel Mac OS X 10_15_7) AppleWebKit/537.36 (KHTML, like Gecko) Chrome/104.0.0.0 Safari/537.36" "181.59.3.127"
10.0.88.88 - - [06/Sep/2022:14:41:22 +0000] "POST /_plugin/kibana/api/ui_metric/report HTTP/1.1" 200 25 "https://kibana7.labdigitalbdbqaevents.com/_plugin/kibana/app/discover" "Mozilla/5.0 (Macintosh; Intel Mac OS X 10_15_7) AppleWebKit/537.36 (KHTML, like Gecko) Chrome/104.0.0.0 Safari/537.36" "181.59.3.127"
10.0.88.88 - - [06/Sep/2022:14:41:38 +0000] "POST /_plugin/kibana/api/saved_objects/_bulk_get HTTP/1.1" 200 5508 "https://kibana7.labdigitalbdbqaevents.com/_plugin/kibana/app/discover" "Mozilla/5.0 (Macintosh; Intel Mac OS X 10_15_7) AppleWebKit/537.36 (KHTML, like Gecko) Chrome/104.0.0.0 Safari/537.36" "181.59.3.127"
10.0.88.88 - - [06/Sep/2022:14:41:39 +0000] "POST /_plugin/kibana/internal/search/es HTTP/1.1" 200 224 "https://kibana7.labdigitalbdbqaevents.com/_plugin/kibana/app/discover" "Mozilla/5.0 (Macintosh; Intel Mac OS X 10_15_7) AppleWebKit/537.36 (KHTML, like Gecko) Chrome/104.0.0.0 Safari/537.36" "181.59.3.127"
10.0.88.88 - - [06/Sep/2022:14:41:52 +0000] "POST /_plugin/kibana/internal/search/es HTTP/1.1" 200 225 "https://kibana7.labdigitalbdbqaevents.com/_plugin/kibana/app/discover" "Mozilla/5.0 (Macintosh; Intel Mac OS X 10_15_7) AppleWebKit/537.36 (KHTML, like Gecko) Chrome/104.0.0.0 Safari/537.36" "181.59.3.127"
10.0.88.88 - - [06/Sep/2022:14:41:55 +0000] "POST /_plugin/kibana/internal/search/es HTTP/1.1" 200 224 "https://kibana7.labdigitalbdbqaevents.com/_plugin/kibana/app/discover" "Mozilla/5.0 (Macintosh; Intel Mac OS X 10_15_7) AppleWebKit/537.36 (KHTML, like Gecko) Chrome/104.0.0.0 Safari/537.36" "181.59.3.127"
10.0.88.88 - - [06/Sep/2022:14:41:58 +0000] "POST /_plugin/kibana/internal/search/es HTTP/1.1" 200 224 "https://kibana7.labdigitalbdbqaevents.com/_plugin/kibana/app/discover" "Mozilla/5.0 (Macintosh; Intel Mac OS X 10_15_7) AppleWebKit/537.36 (KHTML, like Gecko) Chrome/104.0.0.0 Safari/537.36" "181.59.3.127"
10.0.88.88 - - [06/Sep/2022:14:42:00 +0000] "POST /_plugin/kibana/internal/search/es HTTP/1.1" 200 224 "https://kibana7.labdigitalbdbqaevents.com/_plugin/kibana/app/discover" "Mozilla/5.0 (Macintosh; Intel Mac OS X 10_15_7) AppleWebKit/537.36 (KHTML, like Gecko) Chrome/104.0.0.0 Safari/537.36" "181.59.3.127"
10.0.88.88 - - [06/Sep/2022:14:42:02 +0000] "POST /_plugin/kibana/internal/search/es HTTP/1.1" 200 224 "https://kibana7.labdigitalbdbqaevents.com/_plugin/kibana/app/discover" "Mozilla/5.0 (Macintosh; Intel Mac OS X 10_15_7) AppleWebKit/537.36 (KHTML, like Gecko) Chrome/104.0.0.0 Safari/537.36" "181.59.3.127"
10.0.88.88 - - [06/Sep/2022:14:42:03 +0000] "POST /_plugin/kibana/internal/search/es HTTP/1.1" 200 224 "https://kibana7.labdigitalbdbqaevents.com/_plugin/kibana/app/discover" "Mozilla/5.0 (Macintosh; Intel Mac OS X 10_15_7) AppleWebKit/537.36 (KHTML, like Gecko) Chrome/104.0.0.0 Safari/537.36" "181.59.3.127"
10.0.89.184 - - [06/Sep/2022:14:42:12 +0000] "POST /_plugin/kibana/api/console/proxy?path=_template&method=GET HTTP/1.1" 200 29329 "https://kibana7.labdigitalbdbqaevents.com/_plugin/kibana/app/dev_tools" "Mozilla/5.0 (X11; Ubuntu; Linux x86_64; rv:104.0) Gecko/20100101 Firefox/104.0" "181.61.112.199"
10.0.89.184 - - [06/Sep/2022:14:42:12 +0000] "POST /_plugin/kibana/api/console/proxy?path=_aliases&method=GET HTTP/1.1" 200 13485 "https://kibana7.labdigitalbdbqaevents.com/_plugin/kibana/app/dev_tools" "Mozilla/5.0 (X11; Ubuntu; Linux x86_64; rv:104.0) Gecko/20100101 Firefox/104.0" "181.61.112.199"
10.0.89.184 - - [06/Sep/2022:14:42:12 +0000] "POST /_plugin/kibana/api/console/proxy?path=_mapping&method=GET HTTP/1.1" 200 682055 "https://kibana7.labdigitalbdbqaevents.com/_plugin/kibana/app/dev_tools" "Mozilla/5.0 (X11; Ubuntu; Linux x86_64; rv:104.0) Gecko/20100101 Firefox/104.0" "181.61.112.199"
10.0.88.88 - - [06/Sep/2022:14:42:31 +0000] "GET /_plugin/kibana/api/saved_objects/_find?fields=title&fields=type&per_page=10000&type=index-pattern HTTP/1.1" 200 4849 "https://kibana7.labdigitalbdbqaevents.com/_plugin/kibana/app/management/kibana/indexPatterns" "Mozilla/5.0 (Macintosh; Intel Mac OS X 10_15_7) AppleWebKit/537.36 (KHTML, like Gecko) Chrome/104.0.0.0 Safari/537.36" "181.59.3.127"
10.0.88.88 - - [06/Sep/2022:14:42:31 +0000] "GET /_plugin/kibana/api/saved_objects/_find?fields=title&fields=type&per_page=10000&type=index-pattern HTTP/1.1" 200 4849 "https://kibana7.labdigitalbdbqaevents.com/_plugin/kibana/app/management/kibana/indexPatterns" "Mozilla/5.0 (Macintosh; Intel Mac OS X 10_15_7) AppleWebKit/537.36 (KHTML, like Gecko) Chrome/104.0.0.0 Safari/537.36" "181.59.3.127"
10.0.88.88 - - [06/Sep/2022:14:42:34 +0000] "GET /_plugin/kibana/internal/index-pattern-management/resolve_index/* HTTP/1.1" 200 13480 "https://kibana7.labdigitalbdbqaevents.com/_plugin/kibana/app/management/kibana/indexPatterns/create" "Mozilla/5.0 (Macintosh; Intel Mac OS X 10_15_7) AppleWebKit/537.36 (KHTML, like Gecko) Chrome/104.0.0.0 Safari/537.36" "181.59.3.127"
10.0.88.88 - - [06/Sep/2022:14:42:34 +0000] "GET /_plugin/kibana/internal/index-pattern-management/resolve_index/*:* HTTP/1.1" 200 56 "https://kibana7.labdigitalbdbqaevents.com/_plugin/kibana/app/management/kibana/indexPatterns/create" "Mozilla/5.0 (Macintosh; Intel Mac OS X 10_15_7) AppleWebKit/537.36 (KHTML, like Gecko) Chrome/104.0.0.0 Safari/537.36" "181.59.3.127"
10.0.88.88 - - [06/Sep/2022:14:42:34 +0000] "GET /_plugin/kibana/api/saved_objects/_find?fields=title&per_page=10000&type=index-pattern HTTP/1.1" 200 4849 "https://kibana7.labdigitalbdbqaevents.com/_plugin/kibana/app/management/kibana/indexPatterns/create" "Mozilla/5.0 (Macintosh; Intel Mac OS X 10_15_7) AppleWebKit/537.36 (KHTML, like Gecko) Chrome/104.0.0.0 Safari/537.36" "181.59.3.127"
10.0.88.88 - - [06/Sep/2022:14:42:53 +0000] "POST /_plugin/kibana/api/ui_metric/report HTTP/1.1" 200 25 "https://kibana7.labdigitalbdbqaevents.com/_plugin/kibana/app/management/kibana/indexPatterns/create" "Mozilla/5.0 (Macintosh; Intel Mac OS X 10_15_7) AppleWebKit/537.36 (KHTML, like Gecko) Chrome/104.0.0.0 Safari/537.36" "181.59.3.127"
10.0.88.88 - - [06/Sep/2022:14:43:16 +0000] "GET /_plugin/kibana/api/saved_objects/_find?fields=title&fields=type&per_page=10000&type=index-pattern HTTP/1.1" 200 4849 "https://kibana7.labdigitalbdbqaevents.com/_plugin/kibana/app/management/kibana/indexPatterns" "Mozilla/5.0 (Macintosh; Intel Mac OS X 10_15_7) AppleWebKit/537.36 (KHTML, like Gecko) Chrome/104.0.0.0 Safari/537.36" "181.59.3.127"
10.0.89.184 - - [06/Sep/2022:14:43:22 +0000] "POST /_plugin/kibana/api/console/proxy?path=_aliases&method=GET HTTP/1.1" 200 13484 "https://kibana7.labdigitalbdbqaevents.com/_plugin/kibana/app/dev_tools" "Mozilla/5.0 (X11; Ubuntu; Linux x86_64; rv:104.0) Gecko/20100101 Firefox/104.0" "181.61.112.199"
10.0.88.88 - - [06/Sep/2022:14:43:22 +0000] "GET /_plugin/kibana/api/saved_objects/_find?fields=title&fields=type&per_page=10000&type=index-pattern HTTP/1.1" 200 4849 "https://kibana7.labdigitalbdbqaevents.com/_plugin/kibana/app/management/kibana/indexPatterns" "Mozilla/5.0 (Macintosh; Intel Mac OS X 10_15_7) AppleWebKit/537.36 (KHTML, like Gecko) Chrome/104.0.0.0 Safari/537.36" "181.59.3.127"
10.0.89.184 - - [06/Sep/2022:14:43:22 +0000] "POST /_plugin/kibana/api/console/proxy?path=_mapping&method=GET HTTP/1.1" 200 682047 "https://kibana7.labdigitalbdbqaevents.com/_plugin/kibana/app/dev_tools" "Mozilla/5.0 (X11; Ubuntu; Linux x86_64; rv:104.0) Gecko/20100101 Firefox/104.0" "181.61.112.199"
10.0.88.88 - - [06/Sep/2022:14:43:22 +0000] "GET /_plugin/kibana/33935/bundles/plugin/savedObjectsManagement/3.plugin.js HTTP/1.1" 200 6877 "https://kibana7.labdigitalbdbqaevents.com/_plugin/kibana/app/management/kibana/objects" "Mozilla/5.0 (Macintosh; Intel Mac OS X 10_15_7) AppleWebKit/537.36 (KHTML, like Gecko) Chrome/104.0.0.0 Safari/537.36" "181.59.3.127"
10.0.88.88 - - [06/Sep/2022:14:43:22 +0000] "GET /_plugin/kibana/33935/bundles/plugin/advancedSettings/1.plugin.js HTTP/1.1" 200 69314 "https://kibana7.labdigitalbdbqaevents.com/_plugin/kibana/app/management/kibana/settings" "Mozilla/5.0 (Macintosh; Intel Mac OS X 10_15_7) AppleWebKit/537.36 (KHTML, like Gecko) Chrome/104.0.0.0 Safari/537.36" "181.59.3.127"
10.0.88.88 - - [06/Sep/2022:14:43:22 +0000] "GET /_plugin/kibana/api/kibana/management/saved_objects/_allowed_types HTTP/1.1" 200 103 "https://kibana7.labdigitalbdbqaevents.com/_plugin/kibana/app/management/kibana/indexPatterns" "Mozilla/5.0 (Macintosh; Intel Mac OS X 10_15_7) AppleWebKit/537.36 (KHTML, like Gecko) Chrome/104.0.0.0 Safari/537.36" "181.59.3.127"
10.0.89.184 - - [06/Sep/2022:14:43:22 +0000] "POST /_plugin/kibana/api/console/proxy?path=_template&method=GET HTTP/1.1" 200 29329 "https://kibana7.labdigitalbdbqaevents.com/_plugin/kibana/app/dev_tools" "Mozilla/5.0 (X11; Ubuntu; Linux x86_64; rv:104.0) Gecko/20100101 Firefox/104.0" "181.61.112.199"
10.0.88.88 - - [06/Sep/2022:14:44:01 +0000] "DELETE /_plugin/kibana/api/saved_objects/index-pattern/ed49abf0-2df1-11ed-a8e0-29f825e4572e HTTP/1.1" 200 12 "https://kibana7.labdigitalbdbqaevents.com/_plugin/kibana/app/management/kibana/indexPatterns/patterns/ed49abf0-2df1-11ed-a8e0-29f825e4572e" "Mozilla/5.0 (Macintosh; Intel Mac OS X 10_15_7) AppleWebKit/537.36 (KHTML, like Gecko) Chrome/104.0.0.0 Safari/537.36" "181.59.3.127"
10.0.88.88 - - [06/Sep/2022:14:44:01 +0000] "GET /_plugin/kibana/api/saved_objects/_find?fields=title&fields=type&per_page=10000&type=index-pattern HTTP/1.1" 200 4563 "https://kibana7.labdigitalbdbqaevents.com/_plugin/kibana/app/management/kibana/indexPatterns" "Mozilla/5.0 (Macintosh; Intel Mac OS X 10_15_7) AppleWebKit/537.36 (KHTML, like Gecko) Chrome/104.0.0.0 Safari/537.36" "181.59.3.127"
10.0.88.88 - - [06/Sep/2022:14:44:01 +0000] "GET /_plugin/kibana/api/saved_objects/_find?fields=title&fields=type&per_page=10000&type=index-pattern HTTP/1.1" 200 4563 "https://kibana7.labdigitalbdbqaevents.com/_plugin/kibana/app/management/kibana/indexPatterns" "Mozilla/5.0 (Macintosh; Intel Mac OS X 10_15_7) AppleWebKit/537.36 (KHTML, like Gecko) Chrome/104.0.0.0 Safari/537.36" "181.59.3.127"
10.0.88.88 - - [06/Sep/2022:14:44:05 +0000] "GET /_plugin/kibana/internal/index-pattern-management/resolve_index/*:* HTTP/1.1" 200 56 "https://kibana7.labdigitalbdbqaevents.com/_plugin/kibana/app/management/kibana/indexPatterns/create" "Mozilla/5.0 (Macintosh; Intel Mac OS X 10_15_7) AppleWebKit/537.36 (KHTML, like Gecko) Chrome/104.0.0.0 Safari/537.36" "181.59.3.127"
10.0.88.88 - - [06/Sep/2022:14:44:05 +0000] "GET /_plugin/kibana/internal/index-pattern-management/resolve_index/* HTTP/1.1" 200 13480 "https://kibana7.labdigitalbdbqaevents.com/_plugin/kibana/app/management/kibana/indexPatterns/create" "Mozilla/5.0 (Macintosh; Intel Mac OS X 10_15_7) AppleWebKit/537.36 (KHTML, like Gecko) Chrome/104.0.0.0 Safari/537.36" "181.59.3.127"
10.0.88.88 - - [06/Sep/2022:14:44:05 +0000] "GET /_plugin/kibana/api/saved_objects/_find?fields=title&per_page=10000&type=index-pattern HTTP/1.1" 200 4563 "https://kibana7.labdigitalbdbqaevents.com/_plugin/kibana/app/management/kibana/indexPatterns/create" "Mozilla/5.0 (Macintosh; Intel Mac OS X 10_15_7) AppleWebKit/537.36 (KHTML, like Gecko) Chrome/104.0.0.0 Safari/537.36" "181.59.3.127"
10.0.88.88 - - [06/Sep/2022:14:44:07 +0000] "GET /_plugin/kibana/internal/index-pattern-management/resolve_index/bbog-dig-vcd-predesembolso HTTP/1.1" 200 146 "https://kibana7.labdigitalbdbqaevents.com/_plugin/kibana/app/management/kibana/indexPatterns/create" "Mozilla/5.0 (Macintosh; Intel Mac OS X 10_15_7) AppleWebKit/537.36 (KHTML, like Gecko) Chrome/104.0.0.0 Safari/537.36" "181.59.3.127"
10.0.88.88 - - [06/Sep/2022:14:44:07 +0000] "GET /_plugin/kibana/internal/index-pattern-management/resolve_index/bbog-dig-vcd-predesembolso* HTTP/1.1" 200 253 "https://kibana7.labdigitalbdbqaevents.com/_plugin/kibana/app/management/kibana/indexPatterns/create" "Mozilla/5.0 (Macintosh; Intel Mac OS X 10_15_7) AppleWebKit/537.36 (KHTML, like Gecko) Chrome/104.0.0.0 Safari/537.36" "181.59.3.127"
10.0.88.88 - - [06/Sep/2022:14:44:10 +0000] "GET /_plugin/kibana/api/index_patterns/_fields_for_wildcard?pattern=bbog-dig-vcd-predesembolso&meta_fields=_source&meta_fields=_id&meta_fields=_type&meta_fields=_index&meta_fields=_score HTTP/1.1" 200 3789 "https://kibana7.labdigitalbdbqaevents.com/_plugin/kibana/app/management/kibana/indexPatterns/create" "Mozilla/5.0 (Macintosh; Intel Mac OS X 10_15_7) AppleWebKit/537.36 (KHTML, like Gecko) Chrome/104.0.0.0 Safari/537.36" "181.59.3.127"
10.0.88.88 - - [06/Sep/2022:14:44:17 +0000] "GET /_plugin/kibana/api/saved_objects/_find?fields=title&per_page=10&search=%22bbog-dig-vcd-predesembolso%22&search_fields=title&type=index-pattern HTTP/1.1" 200 64 "https://kibana7.labdigitalbdbqaevents.com/_plugin/kibana/app/management/kibana/indexPatterns/create" "Mozilla/5.0 (Macintosh; Intel Mac OS X 10_15_7) AppleWebKit/537.36 (KHTML, like Gecko) Chrome/104.0.0.0 Safari/537.36" "181.59.3.127"
10.0.88.88 - - [06/Sep/2022:14:44:18 +0000] "POST /_plugin/kibana/api/saved_objects/index-pattern HTTP/1.1" 200 307 "https://kibana7.labdigitalbdbqaevents.com/_plugin/kibana/app/management/kibana/indexPatterns/create" "Mozilla/5.0 (Macintosh; Intel Mac OS X 10_15_7) AppleWebKit/537.36 (KHTML, like Gecko) Chrome/104.0.0.0 Safari/537.36" "181.59.3.127"
10.0.88.88 - - [06/Sep/2022:14:44:18 +0000] "POST /_plugin/kibana/api/saved_objects/_bulk_get HTTP/1.1" 200 327 "https://kibana7.labdigitalbdbqaevents.com/_plugin/kibana/app/management/kibana/indexPatterns/patterns/62b26f30-2df2-11ed-afab-5f409a745bba" "Mozilla/5.0 (Macintosh; Intel Mac OS X 10_15_7) AppleWebKit/537.36 (KHTML, like Gecko) Chrome/104.0.0.0 Safari/537.36" "181.59.3.127"
10.0.88.88 - - [06/Sep/2022:14:44:18 +0000] "GET /_plugin/kibana/api/index_patterns/_fields_for_wildcard?pattern=bbog-dig-vcd-predesembolso&meta_fields=_source&meta_fields=_id&meta_fields=_type&meta_fields=_index&meta_fields=_score HTTP/1.1" 200 3789 "https://kibana7.labdigitalbdbqaevents.com/_plugin/kibana/app/management/kibana/indexPatterns/patterns/62b26f30-2df2-11ed-afab-5f409a745bba" "Mozilla/5.0 (Macintosh; Intel Mac OS X 10_15_7) AppleWebKit/537.36 (KHTML, like Gecko) Chrome/104.0.0.0 Safari/537.36" "181.59.3.127"
10.0.88.88 - - [06/Sep/2022:14:44:19 +0000] "PUT /_plugin/kibana/api/saved_objects/index-pattern/62b26f30-2df2-11ed-afab-5f409a745bba HTTP/1.1" 200 5404 "https://kibana7.labdigitalbdbqaevents.com/_plugin/kibana/app/management/kibana/indexPatterns/patterns/62b26f30-2df2-11ed-afab-5f409a745bba" "Mozilla/5.0 (Macintosh; Intel Mac OS X 10_15_7) AppleWebKit/537.36 (KHTML, like Gecko) Chrome/104.0.0.0 Safari/537.36" "181.59.3.127"
10.0.89.184 - - [06/Sep/2022:14:44:23 +0000] "POST /_plugin/kibana/api/console/proxy?path=_aliases&method=GET HTTP/1.1" 200 13484 "https://kibana7.labdigitalbdbqaevents.com/_plugin/kibana/app/dev_tools" "Mozilla/5.0 (X11; Ubuntu; Linux x86_64; rv:104.0) Gecko/20100101 Firefox/104.0" "181.61.112.199"
10.0.89.184 - - [06/Sep/2022:14:44:23 +0000] "POST /_plugin/kibana/api/console/proxy?path=_mapping&method=GET HTTP/1.1" 200 682056 "https://kibana7.labdigitalbdbqaevents.com/_plugin/kibana/app/dev_tools" "Mozilla/5.0 (X11; Ubuntu; Linux x86_64; rv:104.0) Gecko/20100101 Firefox/104.0" "181.61.112.199"
10.0.89.184 - - [06/Sep/2022:14:44:23 +0000] "POST /_plugin/kibana/api/console/proxy?path=_template&method=GET HTTP/1.1" 200 29329 "https://kibana7.labdigitalbdbqaevents.com/_plugin/kibana/app/dev_tools" "Mozilla/5.0 (X11; Ubuntu; Linux x86_64; rv:104.0) Gecko/20100101 Firefox/104.0" "181.61.112.199"
10.0.88.88 - - [06/Sep/2022:14:44:28 +0000] "GET /_plugin/kibana/api/saved_objects/_find?fields=title&per_page=10000&type=index-pattern HTTP/1.1" 200 4849 "https://kibana7.labdigitalbdbqaevents.com/_plugin/kibana/app/discover" "Mozilla/5.0 (Macintosh; Intel Mac OS X 10_15_7) AppleWebKit/537.36 (KHTML, like Gecko) Chrome/104.0.0.0 Safari/537.36" "181.59.3.127"
10.0.88.88 - - [06/Sep/2022:14:44:29 +0000] "POST /_plugin/kibana/api/saved_objects/_bulk_get HTTP/1.1" 200 11824 "https://kibana7.labdigitalbdbqaevents.com/_plugin/kibana/app/discover" "Mozilla/5.0 (Macintosh; Intel Mac OS X 10_15_7) AppleWebKit/537.36 (KHTML, like Gecko) Chrome/104.0.0.0 Safari/537.36" "181.59.3.127"
10.0.88.88 - - [06/Sep/2022:14:44:29 +0000] "POST /_plugin/kibana/internal/search/es HTTP/1.1" 200 224 "https://kibana7.labdigitalbdbqaevents.com/_plugin/kibana/app/discover" "Mozilla/5.0 (Macintosh; Intel Mac OS X 10_15_7) AppleWebKit/537.36 (KHTML, like Gecko) Chrome/104.0.0.0 Safari/537.36" "181.59.3.127"
10.0.88.88 - - [06/Sep/2022:14:44:32 +0000] "POST /_plugin/kibana/api/saved_objects/_bulk_get HTTP/1.1" 200 5485 "https://kibana7.labdigitalbdbqaevents.com/_plugin/kibana/app/discover" "Mozilla/5.0 (Macintosh; Intel Mac OS X 10_15_7) AppleWebKit/537.36 (KHTML, like Gecko) Chrome/104.0.0.0 Safari/537.36" "181.59.3.127"
10.0.88.88 - - [06/Sep/2022:14:44:32 +0000] "POST /_plugin/kibana/internal/search/es HTTP/1.1" 200 708 "https://kibana7.labdigitalbdbqaevents.com/_plugin/kibana/app/discover" "Mozilla/5.0 (Macintosh; Intel Mac OS X 10_15_7) AppleWebKit/537.36 (KHTML, like Gecko) Chrome/104.0.0.0 Safari/537.36" "181.59.3.127"
10.0.88.88 - - [06/Sep/2022:14:45:19 +0000] "POST /_plugin/kibana/internal/search/es HTTP/1.1" 200 224 "https://kibana7.labdigitalbdbqaevents.com/_plugin/kibana/app/discover" "Mozilla/5.0 (Macintosh; Intel Mac OS X 10_15_7) AppleWebKit/537.36 (KHTML, like Gecko) Chrome/104.0.0.0 Safari/537.36" "181.59.3.127"
10.0.89.184 - - [06/Sep/2022:14:45:24 +0000] "POST /_plugin/kibana/api/console/proxy?path=_mapping&method=GET HTTP/1.1" 200 682047 "https://kibana7.labdigitalbdbqaevents.com/_plugin/kibana/app/dev_tools" "Mozilla/5.0 (X11; Ubuntu; Linux x86_64; rv:104.0) Gecko/20100101 Firefox/104.0" "181.61.112.199"
10.0.89.184 - - [06/Sep/2022:14:45:25 +0000] "POST /_plugin/kibana/api/console/proxy?path=_aliases&method=GET HTTP/1.1" 200 13485 "https://kibana7.labdigitalbdbqaevents.com/_plugin/kibana/app/dev_tools" "Mozilla/5.0 (X11; Ubuntu; Linux x86_64; rv:104.0) Gecko/20100101 Firefox/104.0" "181.61.112.199"
10.0.89.184 - - [06/Sep/2022:14:45:25 +0000] "POST /_plugin/kibana/api/console/proxy?path=_template&method=GET HTTP/1.1" 200 29329 "https://kibana7.labdigitalbdbqaevents.com/_plugin/kibana/app/dev_tools" "Mozilla/5.0 (X11; Ubuntu; Linux x86_64; rv:104.0) Gecko/20100101 Firefox/104.0" "181.61.112.199"
10.0.88.88 - - [06/Sep/2022:14:45:26 +0000] "POST /_plugin/kibana/internal/search/es HTTP/1.1" 200 708 "https://kibana7.labdigitalbdbqaevents.com/_plugin/kibana/app/discover" "Mozilla/5.0 (Macintosh; Intel Mac OS X 10_15_7) AppleWebKit/537.36 (KHTML, like Gecko) Chrome/104.0.0.0 Safari/537.36" "181.59.3.127"
10.0.88.88 - - [06/Sep/2022:14:45:54 +0000] "POST /_plugin/kibana/api/ui_metric/report HTTP/1.1" 200 25 "https://kibana7.labdigitalbdbqaevents.com/_plugin/kibana/app/discover" "Mozilla/5.0 (Macintosh; Intel Mac OS X 10_15_7) AppleWebKit/537.36 (KHTML, like Gecko) Chrome/104.0.0.0 Safari/537.36" "181.59.3.127"
10.0.89.184 - - [06/Sep/2022:14:46:26 +0000] "POST /_plugin/kibana/api/console/proxy?path=_aliases&method=GET HTTP/1.1" 200 13485 "https://kibana7.labdigitalbdbqaevents.com/_plugin/kibana/app/dev_tools" "Mozilla/5.0 (X11; Ubuntu; Linux x86_64; rv:104.0) Gecko/20100101 Firefox/104.0" "181.61.112.199"
10.0.89.184 - - [06/Sep/2022:14:46:26 +0000] "POST /_plugin/kibana/api/console/proxy?path=_template&method=GET HTTP/1.1" 200 29329 "https://kibana7.labdigitalbdbqaevents.com/_plugin/kibana/app/dev_tools" "Mozilla/5.0 (X11; Ubuntu; Linux x86_64; rv:104.0) Gecko/20100101 Firefox/104.0" "181.61.112.199"
10.0.89.184 - - [06/Sep/2022:14:46:26 +0000] "POST /_plugin/kibana/api/console/proxy?path=_mapping&method=GET HTTP/1.1" 200 682056 "https://kibana7.labdigitalbdbqaevents.com/_plugin/kibana/app/dev_tools" "Mozilla/5.0 (X11; Ubuntu; Linux x86_64; rv:104.0) Gecko/20100101 Firefox/104.0" "181.61.112.199"
10.0.88.88 - - [06/Sep/2022:14:46:29 +0000] "GET /_plugin/kibana/api/saved_objects/_find?fields=title&per_page=10000&type=index-pattern HTTP/1.1" 200 4849 "https://kibana7.labdigitalbdbqaevents.com/_plugin/kibana/app/dashboards" "Mozilla/5.0 (Macintosh; Intel Mac OS X 10_15_7) AppleWebKit/537.36 (KHTML, like Gecko) Chrome/104.0.0.0 Safari/537.36" "181.59.3.127"
10.0.88.88 - - [06/Sep/2022:14:46:29 +0000] "POST /_plugin/kibana/api/saved_objects/_bulk_get HTTP/1.1" 200 23610 "https://kibana7.labdigitalbdbqaevents.com/_plugin/kibana/app/dashboards" "Mozilla/5.0 (Macintosh; Intel Mac OS X 10_15_7) AppleWebKit/537.36 (KHTML, like Gecko) Chrome/104.0.0.0 Safari/537.36" "181.59.3.127"
10.0.88.88 - - [06/Sep/2022:14:46:31 +0000] "GET /_plugin/kibana/api/saved_objects/_find?default_search_operator=AND&fields=title&page=1&per_page=1000&search_fields=title%5E3&search_fields=description&type=search&type=index-pattern HTTP/1.1" 200 6404 "https://kibana7.labdigitalbdbqaevents.com/_plugin/kibana/app/dashboards" "Mozilla/5.0 (Macintosh; Intel Mac OS X 10_15_7) AppleWebKit/537.36 (KHTML, like Gecko) Chrome/104.0.0.0 Safari/537.36" "181.59.3.127"
10.0.88.88 - - [06/Sep/2022:14:46:35 +0000] "GET /_plugin/kibana/api/saved_objects/_find?fields=title&per_page=10000&type=index-pattern HTTP/1.1" 200 4849 "https://kibana7.labdigitalbdbqaevents.com/_plugin/kibana/app/visualize" "Mozilla/5.0 (Macintosh; Intel Mac OS X 10_15_7) AppleWebKit/537.36 (KHTML, like Gecko) Chrome/104.0.0.0 Safari/537.36" "181.59.3.127"
10.0.88.88 - - [06/Sep/2022:14:46:35 +0000] "POST /_plugin/kibana/api/saved_objects/_bulk_get HTTP/1.1" 200 5485 "https://kibana7.labdigitalbdbqaevents.com/_plugin/kibana/app/visualize" "Mozilla/5.0 (Macintosh; Intel Mac OS X 10_15_7) AppleWebKit/537.36 (KHTML, like Gecko) Chrome/104.0.0.0 Safari/537.36" "181.59.3.127"
10.0.88.88 - - [06/Sep/2022:14:46:35 +0000] "POST /_plugin/kibana/internal/search/es HTTP/1.1" 200 188 "https://kibana7.labdigitalbdbqaevents.com/_plugin/kibana/app/visualize" "Mozilla/5.0 (Macintosh; Intel Mac OS X 10_15_7) AppleWebKit/537.36 (KHTML, like Gecko) Chrome/104.0.0.0 Safari/537.36" "181.59.3.127"
10.0.88.88 - - [06/Sep/2022:14:47:21 +0000] "POST /_plugin/kibana/internal/search/es HTTP/1.1" 200 188 "https://kibana7.labdigitalbdbqaevents.com/_plugin/kibana/app/visualize" "Mozilla/5.0 (Macintosh; Intel Mac OS X 10_15_7) AppleWebKit/537.36 (KHTML, like Gecko) Chrome/104.0.0.0 Safari/537.36" "181.59.3.127"
10.0.88.88 - - [06/Sep/2022:14:47:25 +0000] "POST /_plugin/kibana/api/ui_metric/report HTTP/1.1" 200 25 "https://kibana7.labdigitalbdbqaevents.com/_plugin/kibana/app/visualize" "Mozilla/5.0 (Macintosh; Intel Mac OS X 10_15_7) AppleWebKit/537.36 (KHTML, like Gecko) Chrome/104.0.0.0 Safari/537.36" "181.59.3.127"
10.0.89.184 - - [06/Sep/2022:14:47:28 +0000] "POST /_plugin/kibana/api/console/proxy?path=_template&method=GET HTTP/1.1" 200 29329 "https://kibana7.labdigitalbdbqaevents.com/_plugin/kibana/app/dev_tools" "Mozilla/5.0 (X11; Ubuntu; Linux x86_64; rv:104.0) Gecko/20100101 Firefox/104.0" "181.61.112.199"
10.0.89.184 - - [06/Sep/2022:14:47:28 +0000] "POST /_plugin/kibana/api/console/proxy?path=_aliases&method=GET HTTP/1.1" 200 13485 "https://kibana7.labdigitalbdbqaevents.com/_plugin/kibana/app/dev_tools" "Mozilla/5.0 (X11; Ubuntu; Linux x86_64; rv:104.0) Gecko/20100101 Firefox/104.0" "181.61.112.199"
10.0.89.184 - - [06/Sep/2022:14:47:28 +0000] "POST /_plugin/kibana/api/console/proxy?path=_mapping&method=GET HTTP/1.1" 200 682056 "https://kibana7.labdigitalbdbqaevents.com/_plugin/kibana/app/dev_tools" "Mozilla/5.0 (X11; Ubuntu; Linux x86_64; rv:104.0) Gecko/20100101 Firefox/104.0" "181.61.112.199"
10.0.88.88 - - [06/Sep/2022:14:47:33 +0000] "GET /_plugin/kibana/api/saved_objects/_find?fields=title&per_page=10000&type=index-pattern HTTP/1.1" 200 4849 "https://kibana7.labdigitalbdbqaevents.com/_plugin/kibana/app/discover" "Mozilla/5.0 (Macintosh; Intel Mac OS X 10_15_7) AppleWebKit/537.36 (KHTML, like Gecko) Chrome/104.0.0.0 Safari/537.36" "181.59.3.127"
10.0.88.88 - - [06/Sep/2022:14:47:33 +0000] "POST /_plugin/kibana/api/saved_objects/_bulk_get HTTP/1.1" 200 5485 "https://kibana7.labdigitalbdbqaevents.com/_plugin/kibana/app/discover" "Mozilla/5.0 (Macintosh; Intel Mac OS X 10_15_7) AppleWebKit/537.36 (KHTML, like Gecko) Chrome/104.0.0.0 Safari/537.36" "181.59.3.127"
10.0.88.88 - - [06/Sep/2022:14:47:34 +0000] "POST /_plugin/kibana/internal/search/es HTTP/1.1" 200 706 "https://kibana7.labdigitalbdbqaevents.com/_plugin/kibana/app/discover" "Mozilla/5.0 (Macintosh; Intel Mac OS X 10_15_7) AppleWebKit/537.36 (KHTML, like Gecko) Chrome/104.0.0.0 Safari/537.36" "181.59.3.127"
10.0.88.88 - - [06/Sep/2022:14:47:57 +0000] "GET /_plugin/kibana/api/saved_objects/_find?fields=title&per_page=10000&type=index-pattern HTTP/1.1" 200 4849 "https://kibana7.labdigitalbdbqaevents.com/_plugin/kibana/app/dashboards" "Mozilla/5.0 (Macintosh; Intel Mac OS X 10_15_7) AppleWebKit/537.36 (KHTML, like Gecko) Chrome/104.0.0.0 Safari/537.36" "181.59.3.127"
10.0.88.88 - - [06/Sep/2022:14:47:57 +0000] "POST /_plugin/kibana/api/saved_objects/_bulk_get HTTP/1.1" 200 23610 "https://kibana7.labdigitalbdbqaevents.com/_plugin/kibana/app/dashboards" "Mozilla/5.0 (Macintosh; Intel Mac OS X 10_15_7) AppleWebKit/537.36 (KHTML, like Gecko) Chrome/104.0.0.0 Safari/537.36" "181.59.3.127"
10.0.88.88 - - [06/Sep/2022:14:47:59 +0000] "GET /_plugin/kibana/api/saved_objects/_find?default_search_operator=AND&fields=title&page=1&per_page=1000&search_fields=title%5E3&search_fields=description&type=search&type=index-pattern HTTP/1.1" 200 6404 "https://kibana7.labdigitalbdbqaevents.com/_plugin/kibana/app/dashboards" "Mozilla/5.0 (Macintosh; Intel Mac OS X 10_15_7) AppleWebKit/537.36 (KHTML, like Gecko) Chrome/104.0.0.0 Safari/537.36" "181.59.3.127"
10.0.88.88 - - [06/Sep/2022:14:48:02 +0000] "GET /_plugin/kibana/api/saved_objects/_find?fields=title&per_page=10000&type=index-pattern HTTP/1.1" 200 4849 "https://kibana7.labdigitalbdbqaevents.com/_plugin/kibana/app/visualize" "Mozilla/5.0 (Macintosh; Intel Mac OS X 10_15_7) AppleWebKit/537.36 (KHTML, like Gecko) Chrome/104.0.0.0 Safari/537.36" "181.59.3.127"
10.0.88.88 - - [06/Sep/2022:14:48:02 +0000] "POST /_plugin/kibana/api/saved_objects/_bulk_get HTTP/1.1" 200 5485 "https://kibana7.labdigitalbdbqaevents.com/_plugin/kibana/app/visualize" "Mozilla/5.0 (Macintosh; Intel Mac OS X 10_15_7) AppleWebKit/537.36 (KHTML, like Gecko) Chrome/104.0.0.0 Safari/537.36" "181.59.3.127"
10.0.88.88 - - [06/Sep/2022:14:48:02 +0000] "POST /_plugin/kibana/internal/search/es HTTP/1.1" 200 188 "https://kibana7.labdigitalbdbqaevents.com/_plugin/kibana/app/visualize" "Mozilla/5.0 (Macintosh; Intel Mac OS X 10_15_7) AppleWebKit/537.36 (KHTML, like Gecko) Chrome/104.0.0.0 Safari/537.36" "181.59.3.127"
10.0.88.88 - - [06/Sep/2022:14:48:24 +0000] "GET /_plugin/kibana/api/saved_objects/_find?page=1&per_page=50&search=&search_fields=title%5E5&search_fields=description&sort_field=_score&type=query HTTP/1.1" 200 3527 "https://kibana7.labdigitalbdbqaevents.com/_plugin/kibana/app/visualize" "Mozilla/5.0 (Macintosh; Intel Mac OS X 10_15_7) AppleWebKit/537.36 (KHTML, like Gecko) Chrome/104.0.0.0 Safari/537.36" "181.59.3.127"
10.0.89.184 - - [06/Sep/2022:14:48:29 +0000] "POST /_plugin/kibana/api/console/proxy?path=_aliases&method=GET HTTP/1.1" 200 13485 "https://kibana7.labdigitalbdbqaevents.com/_plugin/kibana/app/dev_tools" "Mozilla/5.0 (X11; Ubuntu; Linux x86_64; rv:104.0) Gecko/20100101 Firefox/104.0" "181.61.112.199"
10.0.89.184 - - [06/Sep/2022:14:48:29 +0000] "POST /_plugin/kibana/api/console/proxy?path=_template&method=GET HTTP/1.1" 200 29329 "https://kibana7.labdigitalbdbqaevents.com/_plugin/kibana/app/dev_tools" "Mozilla/5.0 (X11; Ubuntu; Linux x86_64; rv:104.0) Gecko/20100101 Firefox/104.0" "181.61.112.199"
10.0.89.184 - - [06/Sep/2022:14:48:29 +0000] "POST /_plugin/kibana/api/console/proxy?path=_mapping&method=GET HTTP/1.1" 200 682055 "https://kibana7.labdigitalbdbqaevents.com/_plugin/kibana/app/dev_tools" "Mozilla/5.0 (X11; Ubuntu; Linux x86_64; rv:104.0) Gecko/20100101 Firefox/104.0" "181.61.112.199"
10.0.88.88 - - [06/Sep/2022:14:48:38 +0000] "POST /_plugin/kibana/api/ui_metric/report HTTP/1.1" 200 25 "https://kibana7.labdigitalbdbqaevents.com/_plugin/kibana/app/visualize" "Mozilla/5.0 (Macintosh; Intel Mac OS X 10_15_7) AppleWebKit/537.36 (KHTML, like Gecko) Chrome/104.0.0.0 Safari/537.36" "181.59.3.127"
10.0.88.88 - - [06/Sep/2022:14:48:59 +0000] "POST /_plugin/kibana/internal/search/es HTTP/1.1" 200 188 "https://kibana7.labdigitalbdbqaevents.com/_plugin/kibana/app/visualize" "Mozilla/5.0 (Macintosh; Intel Mac OS X 10_15_7) AppleWebKit/537.36 (KHTML, like Gecko) Chrome/104.0.0.0 Safari/537.36" "181.59.3.127"
10.0.89.184 - - [06/Sep/2022:14:49:31 +0000] "POST /_plugin/kibana/api/console/proxy?path=_mapping&method=GET HTTP/1.1" 200 682056 "https://kibana7.labdigitalbdbqaevents.com/_plugin/kibana/app/dev_tools" "Mozilla/5.0 (X11; Ubuntu; Linux x86_64; rv:104.0) Gecko/20100101 Firefox/104.0" "181.61.112.199"
10.0.89.184 - - [06/Sep/2022:14:49:31 +0000] "POST /_plugin/kibana/api/console/proxy?path=_aliases&method=GET HTTP/1.1" 200 13485 "https://kibana7.labdigitalbdbqaevents.com/_plugin/kibana/app/dev_tools" "Mozilla/5.0 (X11; Ubuntu; Linux x86_64; rv:104.0) Gecko/20100101 Firefox/104.0" "181.61.112.199"
10.0.89.184 - - [06/Sep/2022:14:49:31 +0000] "POST /_plugin/kibana/api/console/proxy?path=_template&method=GET HTTP/1.1" 200 29329 "https://kibana7.labdigitalbdbqaevents.com/_plugin/kibana/app/dev_tools" "Mozilla/5.0 (X11; Ubuntu; Linux x86_64; rv:104.0) Gecko/20100101 Firefox/104.0" "181.61.112.199"
10.0.89.184 - - [06/Sep/2022:14:50:33 +0000] "POST /_plugin/kibana/api/console/proxy?path=_mapping&method=GET HTTP/1.1" 200 682056 "https://kibana7.labdigitalbdbqaevents.com/_plugin/kibana/app/dev_tools" "Mozilla/5.0 (X11; Ubuntu; Linux x86_64; rv:104.0) Gecko/20100101 Firefox/104.0" "181.61.112.199"
10.0.89.184 - - [06/Sep/2022:14:50:33 +0000] "POST /_plugin/kibana/api/console/proxy?path=_aliases&method=GET HTTP/1.1" 200 13485 "https://kibana7.labdigitalbdbqaevents.com/_plugin/kibana/app/dev_tools" "Mozilla/5.0 (X11; Ubuntu; Linux x86_64; rv:104.0) Gecko/20100101 Firefox/104.0" "181.61.112.199"
10.0.89.184 - - [06/Sep/2022:14:50:33 +0000] "POST /_plugin/kibana/api/console/proxy?path=_template&method=GET HTTP/1.1" 200 29329 "https://kibana7.labdigitalbdbqaevents.com/_plugin/kibana/app/dev_tools" "Mozilla/5.0 (X11; Ubuntu; Linux x86_64; rv:104.0) Gecko/20100101 Firefox/104.0" "181.61.112.199"
10.0.88.88 - - [06/Sep/2022:14:50:36 +0000] "POST /_plugin/kibana/api/ui_metric/report HTTP/1.1" 200 25 "https://kibana7.labdigitalbdbqaevents.com/_plugin/kibana/app/visualize" "Mozilla/5.0 (Macintosh; Intel Mac OS X 10_15_7) AppleWebKit/537.36 (KHTML, like Gecko) Chrome/104.0.0.0 Safari/537.36" "181.59.3.127"
10.0.88.88 - - [06/Sep/2022:14:50:37 +0000] "POST /_plugin/kibana/api/ui_metric/report HTTP/1.1" 200 25 "https://kibana7.labdigitalbdbqaevents.com/_plugin/kibana/app/visualize" "Mozilla/5.0 (Macintosh; Intel Mac OS X 10_15_7) AppleWebKit/537.36 (KHTML, like Gecko) Chrome/104.0.0.0 Safari/537.36" "181.59.3.127"
10.0.89.184 - - [06/Sep/2022:14:51:34 +0000] "POST /_plugin/kibana/api/console/proxy?path=_aliases&method=GET HTTP/1.1" 200 13485 "https://kibana7.labdigitalbdbqaevents.com/_plugin/kibana/app/dev_tools" "Mozilla/5.0 (X11; Ubuntu; Linux x86_64; rv:104.0) Gecko/20100101 Firefox/104.0" "181.61.112.199"
10.0.89.184 - - [06/Sep/2022:14:51:34 +0000] "POST /_plugin/kibana/api/console/proxy?path=_template&method=GET HTTP/1.1" 200 29329 "https://kibana7.labdigitalbdbqaevents.com/_plugin/kibana/app/dev_tools" "Mozilla/5.0 (X11; Ubuntu; Linux x86_64; rv:104.0) Gecko/20100101 Firefox/104.0" "181.61.112.199"
10.0.89.184 - - [06/Sep/2022:14:51:34 +0000] "POST /_plugin/kibana/api/console/proxy?path=_mapping&method=GET HTTP/1.1" 200 682056 "https://kibana7.labdigitalbdbqaevents.com/_plugin/kibana/app/dev_tools" "Mozilla/5.0 (X11; Ubuntu; Linux x86_64; rv:104.0) Gecko/20100101 Firefox/104.0" "181.61.112.199"
10.0.88.88 - - [06/Sep/2022:14:51:43 +0000] "POST /_plugin/kibana/api/ui_metric/report HTTP/1.1" 200 25 "https://kibana7.labdigitalbdbqaevents.com/_plugin/kibana/app/visualize" "Mozilla/5.0 (Macintosh; Intel Mac OS X 10_15_7) AppleWebKit/537.36 (KHTML, like Gecko) Chrome/104.0.0.0 Safari/537.36" "181.59.3.127"
10.0.89.184 - - [06/Sep/2022:14:52:35 +0000] "POST /_plugin/kibana/api/console/proxy?path=_aliases&method=GET HTTP/1.1" 200 13484 "https://kibana7.labdigitalbdbqaevents.com/_plugin/kibana/app/dev_tools" "Mozilla/5.0 (X11; Ubuntu; Linux x86_64; rv:104.0) Gecko/20100101 Firefox/104.0" "181.61.112.199"
10.0.89.184 - - [06/Sep/2022:14:52:35 +0000] "POST /_plugin/kibana/api/console/proxy?path=_template&method=GET HTTP/1.1" 200 29329 "https://kibana7.labdigitalbdbqaevents.com/_plugin/kibana/app/dev_tools" "Mozilla/5.0 (X11; Ubuntu; Linux x86_64; rv:104.0) Gecko/20100101 Firefox/104.0" "181.61.112.199"
10.0.89.184 - - [06/Sep/2022:14:52:35 +0000] "POST /_plugin/kibana/api/console/proxy?path=_mapping&method=GET HTTP/1.1" 200 682055 "https://kibana7.labdigitalbdbqaevents.com/_plugin/kibana/app/dev_tools" "Mozilla/5.0 (X11; Ubuntu; Linux x86_64; rv:104.0) Gecko/20100101 Firefox/104.0" "181.61.112.199"
10.0.89.184 - - [06/Sep/2022:14:53:36 +0000] "POST /_plugin/kibana/api/console/proxy?path=_aliases&method=GET HTTP/1.1" 200 13485 "https://kibana7.labdigitalbdbqaevents.com/_plugin/kibana/app/dev_tools" "Mozilla/5.0 (X11; Ubuntu; Linux x86_64; rv:104.0) Gecko/20100101 Firefox/104.0" "181.61.112.199"
10.0.89.184 - - [06/Sep/2022:14:53:36 +0000] "POST /_plugin/kibana/api/console/proxy?path=_template&method=GET HTTP/1.1" 200 29329 "https://kibana7.labdigitalbdbqaevents.com/_plugin/kibana/app/dev_tools" "Mozilla/5.0 (X11; Ubuntu; Linux x86_64; rv:104.0) Gecko/20100101 Firefox/104.0" "181.61.112.199"
10.0.89.184 - - [06/Sep/2022:14:53:36 +0000] "POST /_plugin/kibana/api/console/proxy?path=_mapping&method=GET HTTP/1.1" 200 682055 "https://kibana7.labdigitalbdbqaevents.com/_plugin/kibana/app/dev_tools" "Mozilla/5.0 (X11; Ubuntu; Linux x86_64; rv:104.0) Gecko/20100101 Firefox/104.0" "181.61.112.199"
10.0.89.184 - - [06/Sep/2022:14:54:38 +0000] "POST /_plugin/kibana/api/console/proxy?path=_aliases&method=GET HTTP/1.1" 200 13485 "https://kibana7.labdigitalbdbqaevents.com/_plugin/kibana/app/dev_tools" "Mozilla/5.0 (X11; Ubuntu; Linux x86_64; rv:104.0) Gecko/20100101 Firefox/104.0" "181.61.112.199"
10.0.89.184 - - [06/Sep/2022:14:54:38 +0000] "POST /_plugin/kibana/api/console/proxy?path=_mapping&method=GET HTTP/1.1" 200 682250 "https://kibana7.labdigitalbdbqaevents.com/_plugin/kibana/app/dev_tools" "Mozilla/5.0 (X11; Ubuntu; Linux x86_64; rv:104.0) Gecko/20100101 Firefox/104.0" "181.61.112.199"
10.0.89.184 - - [06/Sep/2022:14:54:38 +0000] "POST /_plugin/kibana/api/console/proxy?path=_template&method=GET HTTP/1.1" 200 29329 "https://kibana7.labdigitalbdbqaevents.com/_plugin/kibana/app/dev_tools" "Mozilla/5.0 (X11; Ubuntu; Linux x86_64; rv:104.0) Gecko/20100101 Firefox/104.0" "181.61.112.199"
10.0.88.88 - - [06/Sep/2022:14:54:43 +0000] "GET /_plugin/kibana/api/saved_objects/_find?fields=title&fields=type&per_page=10000&type=index-pattern HTTP/1.1" 200 4849 "https://kibana7.labdigitalbdbqaevents.com/_plugin/kibana/app/management/kibana/indexPatterns" "Mozilla/5.0 (Macintosh; Intel Mac OS X 10_15_7) AppleWebKit/537.36 (KHTML, like Gecko) Chrome/104.0.0.0 Safari/537.36" "181.59.3.127"
10.0.88.88 - - [06/Sep/2022:14:54:43 +0000] "GET /_plugin/kibana/api/saved_objects/_find?fields=title&fields=type&per_page=10000&type=index-pattern HTTP/1.1" 200 4849 "https://kibana7.labdigitalbdbqaevents.com/_plugin/kibana/app/management/kibana/indexPatterns" "Mozilla/5.0 (Macintosh; Intel Mac OS X 10_15_7) AppleWebKit/537.36 (KHTML, like Gecko) Chrome/104.0.0.0 Safari/537.36" "181.59.3.127"
10.0.88.88 - - [06/Sep/2022:14:54:50 +0000] "DELETE /_plugin/kibana/api/saved_objects/index-pattern/62b26f30-2df2-11ed-afab-5f409a745bba HTTP/1.1" 200 12 "https://kibana7.labdigitalbdbqaevents.com/_plugin/kibana/app/management/kibana/indexPatterns/patterns/62b26f30-2df2-11ed-afab-5f409a745bba" "Mozilla/5.0 (Macintosh; Intel Mac OS X 10_15_7) AppleWebKit/537.36 (KHTML, like Gecko) Chrome/104.0.0.0 Safari/537.36" "181.59.3.127"
10.0.88.88 - - [06/Sep/2022:14:54:51 +0000] "GET /_plugin/kibana/api/saved_objects/_find?fields=title&fields=type&per_page=10000&type=index-pattern HTTP/1.1" 200 4563 "https://kibana7.labdigitalbdbqaevents.com/_plugin/kibana/app/management/kibana/indexPatterns" "Mozilla/5.0 (Macintosh; Intel Mac OS X 10_15_7) AppleWebKit/537.36 (KHTML, like Gecko) Chrome/104.0.0.0 Safari/537.36" "181.59.3.127"
10.0.88.88 - - [06/Sep/2022:14:54:51 +0000] "GET /_plugin/kibana/api/saved_objects/_find?fields=title&fields=type&per_page=10000&type=index-pattern HTTP/1.1" 200 4563 "https://kibana7.labdigitalbdbqaevents.com/_plugin/kibana/app/management/kibana/indexPatterns" "Mozilla/5.0 (Macintosh; Intel Mac OS X 10_15_7) AppleWebKit/537.36 (KHTML, like Gecko) Chrome/104.0.0.0 Safari/537.36" "181.59.3.127"
10.0.88.88 - - [06/Sep/2022:14:54:53 +0000] "GET /_plugin/kibana/internal/index-pattern-management/resolve_index/* HTTP/1.1" 200 13480 "https://kibana7.labdigitalbdbqaevents.com/_plugin/kibana/app/management/kibana/indexPatterns/create" "Mozilla/5.0 (Macintosh; Intel Mac OS X 10_15_7) AppleWebKit/537.36 (KHTML, like Gecko) Chrome/104.0.0.0 Safari/537.36" "181.59.3.127"
10.0.88.88 - - [06/Sep/2022:14:54:53 +0000] "GET /_plugin/kibana/internal/index-pattern-management/resolve_index/*:* HTTP/1.1" 200 56 "https://kibana7.labdigitalbdbqaevents.com/_plugin/kibana/app/management/kibana/indexPatterns/create" "Mozilla/5.0 (Macintosh; Intel Mac OS X 10_15_7) AppleWebKit/537.36 (KHTML, like Gecko) Chrome/104.0.0.0 Safari/537.36" "181.59.3.127"
10.0.88.88 - - [06/Sep/2022:14:54:53 +0000] "GET /_plugin/kibana/api/saved_objects/_find?fields=title&per_page=10000&type=index-pattern HTTP/1.1" 200 4563 "https://kibana7.labdigitalbdbqaevents.com/_plugin/kibana/app/management/kibana/indexPatterns/create" "Mozilla/5.0 (Macintosh; Intel Mac OS X 10_15_7) AppleWebKit/537.36 (KHTML, like Gecko) Chrome/104.0.0.0 Safari/537.36" "181.59.3.127"
10.0.88.88 - - [06/Sep/2022:14:54:55 +0000] "GET /_plugin/kibana/internal/index-pattern-management/resolve_index/bbog-dig-vcd-predesembolso HTTP/1.1" 200 146 "https://kibana7.labdigitalbdbqaevents.com/_plugin/kibana/app/management/kibana/indexPatterns/create" "Mozilla/5.0 (Macintosh; Intel Mac OS X 10_15_7) AppleWebKit/537.36 (KHTML, like Gecko) Chrome/104.0.0.0 Safari/537.36" "181.59.3.127"
10.0.88.88 - - [06/Sep/2022:14:54:55 +0000] "GET /_plugin/kibana/internal/index-pattern-management/resolve_index/bbog-dig-vcd-predesembolso* HTTP/1.1" 200 253 "https://kibana7.labdigitalbdbqaevents.com/_plugin/kibana/app/management/kibana/indexPatterns/create" "Mozilla/5.0 (Macintosh; Intel Mac OS X 10_15_7) AppleWebKit/537.36 (KHTML, like Gecko) Chrome/104.0.0.0 Safari/537.36" "181.59.3.127"
10.0.88.88 - - [06/Sep/2022:14:54:57 +0000] "GET /_plugin/kibana/api/index_patterns/_fields_for_wildcard?pattern=bbog-dig-vcd-predesembolso&meta_fields=_source&meta_fields=_id&meta_fields=_type&meta_fields=_index&meta_fields=_score HTTP/1.1" 200 3789 "https://kibana7.labdigitalbdbqaevents.com/_plugin/kibana/app/management/kibana/indexPatterns/create" "Mozilla/5.0 (Macintosh; Intel Mac OS X 10_15_7) AppleWebKit/537.36 (KHTML, like Gecko) Chrome/104.0.0.0 Safari/537.36" "181.59.3.127"
10.0.88.88 - - [06/Sep/2022:14:54:57 +0000] "POST /_plugin/kibana/api/ui_metric/report HTTP/1.1" 200 25 "https://kibana7.labdigitalbdbqaevents.com/_plugin/kibana/app/management/kibana/indexPatterns/create" "Mozilla/5.0 (Macintosh; Intel Mac OS X 10_15_7) AppleWebKit/537.36 (KHTML, like Gecko) Chrome/104.0.0.0 Safari/537.36" "181.59.3.127"
